mode: atomic
package/folder/aggregator.go:29.39,29.56 1 51
package/folder/aggregator.go:30.39,30.77 1 5
package/folder/aggregator.go:31.39,31.66 1 18
package/folder/aggregator.go:32.40,34.9 2 19
package/folder/aggregator.go:34.9,37.13 3 0
package/folder/aggregator.go:39.2,39.24 1 19
package/folder/aggregator.go:41.38,47.2 5 17
package/folder/aggregator.go:48.53,50.2 1 37
package/folder/aggregator.go:94.48,101.2 3 15
package/folder/aggregator.go:103.40,105.2 1 0
package/folder/aggregator.go:107.62,109.2 1 0
package/folder/aggregator.go:112.181,114.78 2 10
package/folder/aggregator.go:114.78,115.57 1 9
package/folder/aggregator.go:115.57,118.12 2 1
package/folder/aggregator.go:120.3,122.48 2 8
package/folder/aggregator.go:122.48,124.54 2 2
package/folder/aggregator.go:124.54,127.5 1 1
package/folder/aggregator.go:127.10,130.5 1 1
package/folder/aggregator.go:133.3,133.67 1 8
package/folder/aggregator.go:136.2,136.55 1 10
package/folder/aggregator.go:136.55,139.3 2 0
package/folder/aggregator.go:142.64,145.47 2 3
package/folder/aggregator.go:145.47,146.20 1 2
package/folder/aggregator.go:147.32,148.34 1 1
package/folder/aggregator.go:149.36,150.26 1 1
package/folder/aggregator.go:153.2,153.22 1 3
package/folder/aggregator.go:157.194,159.28 2 3
package/folder/aggregator.go:159.28,165.65 2 3
package/folder/aggregator.go:165.65,170.4 4 0
package/folder/aggregator.go:174.3,174.61 1 3
package/folder/aggregator.go:174.61,179.4 4 3
package/folder/aggregator.go:181.2,181.23 1 3
package/folder/aggregator.go:185.141,186.36 1 25
package/folder/aggregator.go:186.36,188.3 1 14
package/folder/aggregator.go:190.2,192.9 3 11
package/folder/aggregator.go:192.9,195.13 3 0
package/folder/aggregator.go:198.2,203.35 3 11
package/folder/aggregator.go:203.35,206.3 2 1
package/folder/aggregator.go:208.2,223.56 6 10
package/folder/aggregator.go:223.56,226.29 2 26
package/folder/aggregator.go:226.29,227.64 1 18
package/folder/aggregator.go:227.64,229.5 1 10
package/folder/aggregator.go:231.4,231.88 1 18
package/folder/aggregator.go:234.3,234.19 1 26
package/folder/aggregator.go:234.19,236.4 1 3
package/folder/aggregator.go:239.3,239.33 1 26
package/folder/aggregator.go:239.33,241.4 1 1
package/folder/aggregator.go:242.3,242.36 1 26
package/folder/aggregator.go:246.2,251.54 3 10
package/folder/aggregator.go:251.54,255.64 1 24
package/folder/aggregator.go:255.64,256.12 1 3
package/folder/aggregator.go:259.3,261.33 2 21
package/folder/aggregator.go:261.33,263.12 2 14
package/folder/aggregator.go:267.3,277.64 4 7
package/folder/aggregator.go:277.64,281.52 2 7
package/folder/aggregator.go:281.52,285.5 3 8
package/folder/aggregator.go:287.4,293.49 3 7
package/folder/aggregator.go:297.3,297.56 1 7
package/folder/aggregator.go:302.2,302.20 1 10
package/folder/aggregator.go:302.20,305.51 2 3
package/folder/aggregator.go:305.51,307.4 1 0
package/folder/aggregator.go:311.2,311.34 1 10
package/folder/aggregator.go:311.34,315.3 3 4
package/folder/aggregator.go:317.2,322.52 3 10
package/folder/aggregator.go:322.52,324.8 2 3
package/folder/aggregator.go:327.2,327.17 1 10
package/folder/aggregator.go:339.211,343.33 3 25
package/folder/aggregator.go:343.33,345.41 1 23
package/folder/aggregator.go:345.41,346.12 1 1
package/folder/aggregator.go:349.3,351.46 2 22
package/folder/aggregator.go:351.46,354.4 2 13
package/folder/aggregator.go:357.2,357.20 1 25
package/folder/aggregator.go:357.20,359.28 1 15
package/folder/aggregator.go:359.28,361.4 1 5
package/folder/aggregator.go:362.3,362.49 1 15
package/folder/aggregator.go:365.2,365.20 1 25
package/folder/aggregator.go:369.81,371.8 2 21
package/folder/aggregator.go:371.8,373.3 1 2
package/folder/aggregator.go:374.2,374.12 1 19
package/folder/aggregator.go:383.86,386.103 1 6
package/folder/aggregator.go:386.103,388.3 1 1
package/folder/aggregator.go:396.2,396.50 1 5
package/folder/aggregator.go:396.50,398.3 1 1
package/folder/aggregator.go:401.2,401.49 1 4
package/folder/aggregator.go:401.49,403.3 1 2
package/folder/aggregator.go:406.2,406.51 1 2
package/folder/aggregator.go:406.51,408.3 1 1
package/folder/aggregator.go:411.2,411.14 1 1
package/folder/aggregator.go:416.75,422.8 3 33
package/folder/aggregator.go:422.8,423.66 1 21
package/folder/aggregator.go:423.66,426.44 1 1
package/folder/aggregator.go:426.44,427.47 1 0
package/folder/aggregator.go:427.47,429.6 1 0
package/folder/aggregator.go:430.5,430.15 1 0
package/folder/aggregator.go:434.4,434.52 1 1
package/folder/aggregator.go:434.52,437.5 1 1
package/folder/aggregator.go:440.3,443.19 2 20
package/folder/aggregator.go:443.19,445.4 1 2
package/folder/aggregator.go:447.3,447.21 1 20
package/folder/aggregator.go:447.21,450.4 2 14
package/folder/aggregator.go:452.3,452.13 1 20
package/folder/aggregator.go:455.2,464.20 2 12
package/folder/aggregator.go:464.20,466.3 1 10
package/folder/aggregator.go:468.2,475.12 3 12
package/folder/aggregator.go:478.40,480.38 1 55
package/folder/aggregator.go:480.38,481.66 1 2
package/folder/aggregator.go:481.66,483.4 1 1
package/folder/aggregator.go:484.8,485.58 1 53
package/folder/aggregator.go:485.58,487.4 1 35
package/folder/aggregator.go:490.3,490.43 1 18
package/folder/aggregator.go:490.43,491.33 1 18
package/folder/aggregator.go:491.33,493.5 1 1
package/folder/aggregator.go:497.2,497.14 1 18
package/folder/aggregator.go:501.216,503.36 1 12
package/folder/aggregator.go:503.36,505.3 1 6
package/folder/aggregator.go:508.2,510.9 3 6
package/folder/aggregator.go:510.9,513.13 3 0
package/folder/aggregator.go:517.2,530.56 5 6
package/folder/aggregator.go:530.56,533.29 2 24
package/folder/aggregator.go:533.29,534.64 1 18
package/folder/aggregator.go:534.64,536.5 1 3
package/folder/aggregator.go:538.4,538.88 1 18
package/folder/aggregator.go:540.3,540.36 1 24
package/folder/aggregator.go:543.2,546.67 2 6
package/folder/aggregator.go:546.67,559.17 7 24
package/folder/aggregator.go:559.17,562.12 2 0
package/folder/aggregator.go:565.3,568.35 2 24
package/folder/aggregator.go:568.35,571.12 2 4
package/folder/aggregator.go:574.3,589.52 6 20
package/folder/aggregator.go:589.52,592.46 2 17
package/folder/aggregator.go:592.46,594.97 2 20
package/folder/aggregator.go:594.97,597.6 2 18
package/folder/aggregator.go:599.4,603.49 3 17
package/folder/aggregator.go:606.3,606.56 1 20
package/folder/aggregator.go:609.2,613.17 3 6
package/folder/aggregator.go:625.177,628.33 2 45
package/folder/aggregator.go:628.33,630.41 1 27
package/folder/aggregator.go:630.41,631.12 1 4
package/folder/aggregator.go:634.3,636.113 2 23
package/folder/aggregator.go:639.2,639.24 1 45
package/folder/aggregator.go:639.24,641.28 1 22
package/folder/aggregator.go:641.28,643.4 1 10
package/folder/aggregator.go:644.3,644.49 1 22
package/folder/aggregator.go:646.2,646.20 1 45
package/folder/aggregator.go:651.77,657.8 3 28
package/folder/aggregator.go:657.8,658.55 1 21
package/folder/aggregator.go:658.55,661.4 1 1
package/folder/aggregator.go:663.3,666.13 3 20
package/folder/aggregator.go:669.2,684.12 4 7
package/folder/decoder.go:14.202,23.41 6 1
package/folder/decoder.go:23.41,27.17 3 1
package/folder/decoder.go:27.17,30.12 3 0
package/folder/decoder.go:33.3,34.17 2 1
package/folder/decoder.go:34.17,37.12 3 0
package/folder/decoder.go:40.3,41.10 2 1
package/folder/decoder.go:41.10,43.12 2 0
package/folder/decoder.go:47.3,47.34 1 1
package/folder/decoder.go:47.34,49.11 2 0
package/folder/decoder.go:49.11,52.13 3 0
package/folder/decoder.go:55.4,56.11 2 0
package/folder/decoder.go:56.11,59.13 3 0
package/folder/decoder.go:62.4,62.82 1 0
package/folder/decoder.go:62.82,64.13 2 0
package/folder/decoder.go:68.3,69.17 2 1
package/folder/decoder.go:69.17,72.28 3 1
package/folder/decoder.go:72.28,74.5 1 1
package/folder/decoder.go:76.4,76.25 1 1
package/folder/decoder.go:77.9,80.4 2 0

